
> build
> vite build

[36mvite v8.0.14 [32mbuilding client environment for production...[36m[39m
[2K
transforming...✓ 1738 modules transformed.
